social.are
immort.are
quest.are
clouds1.are
limbo.are
avalley.are
varband.are
neweare.are
school.are
sgrass.are
nefor.are
undead.are
shendaer.are
dantaron.are
undead2.are
monast.are
hillgian.are
towershe.are
titan.are
chaja.are
shuddeni.are
kkhilgh.are
darkcity.are
yith.are
earout.are
ngrass.are
arien.are
uthocean.are
brinroad.are
brinmtn.are
vbdocks.are
tower.are
aragol.are
ldant.are
krilin.are
griffin.are
champion.are
halllaw.are
conquest.are
raiders.are
qilarn.are
shargob.are
fort.are
korroad.are
rock.are
xiganath.are
ethville.are
rystaia.are
crown.are
morn.are
dream.are
basalt.are
aeolis.are
rannock.are
north.are
lidraeu.are
hillpath.are
eventide.are
shunned.are
fens.are
sythtys.are
merchhq.are
kankoran.are
savannah.are
neonend.are
patric.are
aridwste.are
nordath.are
jasalake.are
djinn.are
eyefort.are
kzaya.are
h2o.are
girikha.are
dolgrael.are
zpalace.are
clockmkr.are
gmines.are
harbor.are
rveyelhi.are
alensha.are
icewing.are
conclave.are
mlejian.are
sewer.are
library.are
jandiska.are
walk.are
downs.are
hakurah.are
darkcave.are
icezroth.are
chasm.are
$
